Component: ARM Compiler 5.06 update 6 (build 750) Tool: armlink [4d35ed]

==============================================================================

Section Cross References

    main.o(i.PORTC_PORTD_IRQHandler) refers to main.o(.data) for StartStopSwitchPressed
    main.o(i.main) refers to _printf_percent.o(.ARM.Collect$$_printf_percent$$00000000) for _printf_percent
    main.o(i.main) refers to _printf_d.o(.ARM.Collect$$_printf_percent$$00000009) for _printf_d
    main.o(i.main) refers to _printf_dec.o(.text) for _printf_int_dec
    main.o(i.main) refers to i2c.o(i.I2C0_init) for I2C0_init
    main.o(i.main) refers to timer.o(i.init_systick) for init_systick
    main.o(i.main) refers to mma8451.o(i.init_mma) for init_mma
    main.o(i.main) refers to main.o(i.SWITCH_Init) for SWITCH_Init
    main.o(i.main) refers to main.o(i.LED_Init) for LED_Init
    main.o(i.main) refers to slcd.o(i.SLCD_Init) for SLCD_Init
    main.o(i.main) refers to mma8451.o(i.calibrate) for calibrate
    main.o(i.main) refers to timer.o(i.delay) for delay
    main.o(i.main) refers to noretval__2sprintf.o(.text) for __2sprintf
    main.o(i.main) refers to utility.o(i.detect_step) for detect_step
    main.o(i.main) refers to slcd.o(i.SLCD_WriteMsg) for SLCD_WriteMsg
    main.o(i.main) refers to main.o(.data) for zavg
    main.o(i.main) refers to main.o(.bss) for zval
    i2c.o(i.I2C0_busy) refers to i2c.o(.data) for lock
    i2c.o(i.I2C0_read_byte) refers to i2c.o(i.I2C0_wait) for I2C0_wait
    i2c.o(i.I2C0_read_setup) refers to i2c.o(i.I2C0_wait) for I2C0_wait
    i2c.o(i.I2C0_repeated_read) refers to i2c.o(i.I2C0_wait) for I2C0_wait
    i2c.o(i.I2C0_repeated_read) refers to i2c.o(.data) for lock
    i2c.o(i.I2C0_wait) refers to i2c.o(i.I2C0_busy) for I2C0_busy
    i2c.o(i.I2C0_wait) refers to i2c.o(.data) for lock
    i2c.o(i.I2C0_write_byte) refers to i2c.o(i.I2C0_wait) for I2C0_wait
    mma8451.o(i.calibrate) refers to mma8451.o(i.read_full_xyz) for read_full_xyz
    mma8451.o(i.calibrate) refers to timer.o(i.delay) for delay
    mma8451.o(i.calibrate) refers to aeabi_sdiv.o(.text) for __aeabi_idivmod
    mma8451.o(i.calibrate) refers to mma8451.o(.data) for acc_x
    mma8451.o(i.init_mma) refers to i2c.o(i.I2C0_write_byte) for I2C0_write_byte
    mma8451.o(i.read_full_xyz) refers to i2c.o(i.I2C0_start) for I2C0_start
    mma8451.o(i.read_full_xyz) refers to i2c.o(i.I2C0_read_setup) for I2C0_read_setup
    mma8451.o(i.read_full_xyz) refers to i2c.o(i.I2C0_repeated_read) for I2C0_repeated_read
    mma8451.o(i.read_full_xyz) refers to mma8451.o(.data) for acc_x
    mma8451.o(i.read_xyz) refers to i2c.o(i.I2C0_read_byte) for I2C0_read_byte
    mma8451.o(i.read_xyz) refers to timer.o(i.delay) for delay
    mma8451.o(i.read_xyz) refers to mma8451.o(.data) for acc_x
    timer.o(i.SysTick_Handler) refers to timer.o(.data) for Ticks
    timer.o(i.delay) refers to timer.o(i.getTicks) for getTicks
    timer.o(i.getTicks) refers to timer.o(.data) for Ticks
    timer.o(i.init_systick) refers to timer.o(i.__NVIC_SetPriority) for __NVIC_SetPriority
    timer.o(i.now) refers to timer.o(.data) for Ticks
    utility.o(i.detect_step) refers to mma8451.o(i.read_full_xyz) for read_full_xyz
    utility.o(i.detect_step) refers to dflti.o(.text) for __aeabi_i2d
    utility.o(i.detect_step) refers to sqrt.o(i.sqrt) for sqrt
    utility.o(i.detect_step) refers to dfixi.o(.text) for __aeabi_d2iz
    utility.o(i.detect_step) refers to timer.o(i.delay) for delay
    utility.o(i.detect_step) refers to mma8451.o(.data) for acc_x
    utility.o(i.detect_step) refers to main.o(.data) for xavg
    utility.o(i.detect_step) refers to main.o(.bss) for total_vect
    utility.o(i.detect_step) refers to utility.o(.data) for step_flag
    slcd.o(i.SLCD_EnablePins) refers to slcd.o(.constdata) for WF_ORDERING_TABLE
    slcd.o(i.SLCD_Init) refers to slcd.o(i.SLCD_EnablePins) for SLCD_EnablePins
    slcd.o(i.SLCD_WriteChar) refers to slcd.o(.data) for LCD_CharPosition
    slcd.o(i.SLCD_WriteChar) refers to slcd.o(.constdata) for WF_ORDERING_TABLE
    slcd.o(i.SLCD_WriteMsg) refers to slcd.o(i.SLCD_WriteChar) for SLCD_WriteChar
    slcd.o(i.SLCD_WriteMsg) refers to slcd.o(.data) for LCD_CharPosition
    startup_mkl46z4.o(RESET) refers to startup_mkl46z4.o(.text) for Reset_Handler
    startup_mkl46z4.o(RESET) refers to timer.o(i.SysTick_Handler) for SysTick_Handler
    startup_mkl46z4.o(RESET) refers to main.o(i.PORTC_PORTD_IRQHandler) for PORTC_PORTD_IRQHandler
    startup_mkl46z4.o(.text) refers to startup_mkl46z4.o(FlashConfig) for FlashConfig
    startup_mkl46z4.o(.text) refers to startup_mkl46z4.o(RESET) for __Vectors
    startup_mkl46z4.o(.text) refers to system_mkl46z4.o(i.SystemInit) for SystemInit
    startup_mkl46z4.o(.text) refers to __main.o(!!!main) for __main
    system_mkl46z4.o(i.SystemCoreClockUpdate) refers to aeabi_sdiv.o(.text) for __aeabi_uidivmod
    system_mkl46z4.o(i.SystemCoreClockUpdate) refers to system_mkl46z4.o(i.__ARM_common_switch8) for __ARM_common_switch8
    system_mkl46z4.o(i.SystemCoreClockUpdate) refers to system_mkl46z4.o(.data) for SystemCoreClock
    system_mkl46z4.o(i.SystemInit) refers to system_mkl46z4.o(i.SystemInitHook) for SystemInitHook
    __2sprintf.o(.text) refers to _printf_char_common.o(.text) for _printf_char_common
    __2sprintf.o(.text) refers to _sputc.o(.text) for _sputc
    noretval__2sprintf.o(.text) refers to _printf_char_common.o(.text) for _printf_char_common
    noretval__2sprintf.o(.text) refers to _sputc.o(.text) for _sputc
    __printf.o(.text) refers to _printf_percent.o(.ARM.Collect$$_printf_percent$$00000000) for _printf_percent
    _printf_dec.o(.text) refers to rtudiv10.o(.text) for __rt_udiv10
    _printf_dec.o(.text) refers to _printf_intcommon.o(.text) for _printf_int_common
    __printf_flags.o(.text) refers to _printf_percent.o(.ARM.Collect$$_printf_percent$$00000000) for _printf_percent
    __printf_flags.o(.text) refers to __printf_flags.o(.constdata) for .constdata
    __printf_ss.o(.text) refers to _printf_percent.o(.ARM.Collect$$_printf_percent$$00000000) for _printf_percent
    __printf_flags_ss.o(.text) refers to _printf_percent.o(.ARM.Collect$$_printf_percent$$00000000) for _printf_percent
    __printf_flags_ss.o(.text) refers to __printf_flags_ss.o(.constdata) for .constdata
    __printf_wp.o(.text) refers to __printf_wp.o(i._is_digit) for _is_digit
    __printf_wp.o(.text) refers to _printf_percent.o(.ARM.Collect$$_printf_percent$$00000000) for _printf_percent
    __printf_flags_wp.o(.text) refers to __printf_wp.o(i._is_digit) for _is_digit
    __printf_flags_wp.o(.text) refers to _printf_percent.o(.ARM.Collect$$_printf_percent$$00000000) for _printf_percent
    __printf_flags_wp.o(.text) refers to __printf_flags_wp.o(.constdata) for .constdata
    __printf_ss_wp.o(.text) refers to __printf_wp.o(i._is_digit) for _is_digit
    __printf_ss_wp.o(.text) refers to _printf_percent.o(.ARM.Collect$$_printf_percent$$00000000) for _printf_percent
    __printf_flags_ss_wp.o(.text) refers to __printf_wp.o(i._is_digit) for _is_digit
    __printf_flags_ss_wp.o(.text) refers to _printf_percent.o(.ARM.Collect$$_printf_percent$$00000000) for _printf_percent
    __printf_flags_ss_wp.o(.text) refers to __printf_flags_ss_wp.o(.constdata) for .constdata
    _printf_d.o(.ARM.Collect$$_printf_percent$$00000009) refers (Weak) to _printf_dec.o(.text) for _printf_int_dec
    _printf_percent.o(.ARM.Collect$$_printf_percent$$00000000) refers (Special) to _printf_percent_end.o(.ARM.Collect$$_printf_percent$$00000017) for _printf_percent_end
    __main.o(!!!main) refers to __rtentry.o(.ARM.Collect$$rtentry$$00000000) for __rt_entry
    dfixi.o(.text) refers (Special) to usenofp.o(x$fpl$usenofp) for __I$use$fp
    dflti.o(.text) refers (Special) to usenofp.o(x$fpl$usenofp) for __I$use$fp
    sqrt.o(i.__softfp_sqrt) refers (Special) to usenofp.o(x$fpl$usenofp) for __I$use$fp
    sqrt.o(i.__softfp_sqrt) refers to dsqrt.o(.text) for _dsqrt
    sqrt.o(i.__softfp_sqrt) refers to _rserrno.o(.text) for __set_errno
    sqrt.o(i.sqrt) refers (Special) to usenofp.o(x$fpl$usenofp) for __I$use$fp
    sqrt.o(i.sqrt) refers to dsqrt.o(.text) for _dsqrt
    sqrt.o(i.sqrt) refers to _rserrno.o(.text) for __set_errno
    sqrt_x.o(i.____softfp_sqrt$lsc) refers (Special) to usenofp.o(x$fpl$usenofp) for __I$use$fp
    sqrt_x.o(i.____softfp_sqrt$lsc) refers to dlef.o(x$fpl$dleqf) for __aeabi_cdcmple
    sqrt_x.o(i.____softfp_sqrt$lsc) refers to _rserrno.o(.text) for __set_errno
    sqrt_x.o(i.____softfp_sqrt$lsc) refers to dsqrt.o(.text) for _dsqrt
    sqrt_x.o(i.__sqrt$lsc) refers (Special) to usenofp.o(x$fpl$usenofp) for __I$use$fp
    sqrt_x.o(i.__sqrt$lsc) refers to dlef.o(x$fpl$dleqf) for __aeabi_cdcmple
    sqrt_x.o(i.__sqrt$lsc) refers to _rserrno.o(.text) for __set_errno
    sqrt_x.o(i.__sqrt$lsc) refers to dsqrt.o(.text) for _dsqrt
    __rtentry.o(.ARM.Collect$$rtentry$$00000000) refers (Special) to __rtentry2.o(.ARM.Collect$$rtentry$$0000000A) for __rt_entry_li
    __rtentry.o(.ARM.Collect$$rtentry$$00000000) refers (Special) to __rtentry2.o(.ARM.Collect$$rtentry$$0000000D) for __rt_entry_main
    __rtentry.o(.ARM.Collect$$rtentry$$00000000) refers (Special) to __rtentry2.o(.ARM.Collect$$rtentry$$0000000C) for __rt_entry_postli_1
    __rtentry.o(.ARM.Collect$$rtentry$$00000000) refers (Special) to __rtentry2.o(.ARM.Collect$$rtentry$$00000009) for __rt_entry_postsh_1
    __rtentry.o(.ARM.Collect$$rtentry$$00000000) refers (Special) to __rtentry2.o(.ARM.Collect$$rtentry$$00000002) for __rt_entry_presh_1
    __rtentry.o(.ARM.Collect$$rtentry$$00000000) refers (Special) to __rtentry7.o(.ARM.Collect$$rtentry$$00000007) for __rt_entry_sh
    aeabi_idiv0_sigfpe.o(.text) refers to rt_div0.o(.text) for __rt_div0
    _rserrno.o(.text) refers to rt_errno_addr_intlibspace.o(.text) for __aeabi_errno_addr
    _printf_char_common.o(.text) refers to __printf.o(.text) for __printf
    dlef.o(x$fpl$dleqf) refers (Special) to usenofp.o(x$fpl$usenofp) for __I$use$fp
    dlef.o(x$fpl$dleqf) refers to dcmpin.o(.text) for __fpl_dcmp_InfNaN
    dsqrt.o(.text) refers (Special) to usenofp.o(x$fpl$usenofp) for __I$use$fp
    __rtentry2.o(.ARM.Collect$$rtentry$$00000008) refers to boardinit2.o(.text) for _platform_post_stackheap_init
    __rtentry2.o(.ARM.Collect$$rtentry$$0000000A) refers to libinit.o(.ARM.Collect$$libinit$$00000000) for __rt_lib_init
    __rtentry2.o(.ARM.Collect$$rtentry$$0000000B) refers to boardinit3.o(.text) for _platform_post_lib_init
    __rtentry2.o(.ARM.Collect$$rtentry$$0000000D) refers to main.o(i.main) for main
    __rtentry2.o(.ARM.Collect$$rtentry$$0000000D) refers to exit.o(.text) for exit
    __rtentry2.o(.ARM.exidx) refers to __rtentry2.o(.ARM.Collect$$rtentry$$00000001) for .ARM.Collect$$rtentry$$00000001
    __rtentry2.o(.ARM.exidx) refers to __rtentry2.o(.ARM.Collect$$rtentry$$00000008) for .ARM.Collect$$rtentry$$00000008
    __rtentry2.o(.ARM.exidx) refers to __rtentry2.o(.ARM.Collect$$rtentry$$0000000A) for .ARM.Collect$$rtentry$$0000000A
    __rtentry2.o(.ARM.exidx) refers to __rtentry2.o(.ARM.Collect$$rtentry$$0000000B) for .ARM.Collect$$rtentry$$0000000B
    __rtentry2.o(.ARM.exidx) refers to __rtentry2.o(.ARM.Collect$$rtentry$$0000000D) for .ARM.Collect$$rtentry$$0000000D
    __rtentry4.o(.ARM.Collect$$rtentry$$00000004) refers to sys_stackheap_outer.o(.text) for __user_setup_stackheap
    __rtentry4.o(.ARM.exidx) refers to __rtentry4.o(.ARM.Collect$$rtentry$$00000004) for .ARM.Collect$$rtentry$$00000004
    __rtentry7.o(.ARM.Collect$$rtentry$$00000007) refers to __rtentry7.o(.ARM.Collect$$rtentry$$00002718) for __lit__00000000
    __rtentry7.o(__vectab_stack_and_reset_2_area) refers to __main.o(!!!main) for __main
    __rtentry7.o(.ARM.exidx) refers to __rtentry7.o(.ARM.Collect$$rtentry$$00000007) for .ARM.Collect$$rtentry$$00000007
    __rtentry7.o(.ARM.exidx) refers to __rtentry7.o(.ARM.Collect$$rtentry$$00002718) for .ARM.Collect$$rtentry$$00002718
    rt_div0.o(.text) refers to defsig_fpe_outer.o(.text) for __rt_SIGFPE
    rt_errno_addr.o(.text) refers to rt_errno_addr.o(.bss) for __aeabi_errno_addr_data
    rt_errno_addr_intlibspace.o(.text) refers to libspace.o(.bss) for __libspace_start
    dcmpin.o(.text) refers (Special) to usenofp.o(x$fpl$usenofp) for __I$use$fp
    dcmpin.o(.text) refers to cmpret.o(.text) for __fpl_cmpreturn
    dcmpin.o(.text) refers to dnan2.o(.text) for __fpl_dcheck_NaN2
    libspace.o(.text) refers to libspace.o(.bss) for __libspace_start
    sys_stackheap_outer.o(.text) refers to libspace.o(.text) for __user_perproc_libspace
    sys_stackheap_outer.o(.text) refers to sys_stackheap.o(.text) for __user_initial_stackheap
    sys_stackheap_outer.o(__vectab_stack_and_reset_area) refers to tempstk.o(.text) for __temporary_stack_top
    sys_stackheap_outer.o(__vectab_stack_and_reset_area) refers to __main.o(!!!main) for __main
    exit.o(.text) refers to rtexit.o(.ARM.Collect$$rtexit$$00000000) for __rt_exit
    defsig_fpe_outer.o(.text) refers to defsig_fpe_inner.o(.text) for __rt_SIGFPE_inner
    defsig_fpe_outer.o(.text) refers to defsig_exit.o(.text) for __sig_exit
    defsig_fpe_formal.o(.text) refers to rt_raise.o(.text) for __rt_raise
    libinit.o(.ARM.Collect$$libinit$$00000000) refers (Special) to libinit2.o(.ARM.Collect$$libinit$$0000002E) for __rt_lib_init_alloca_1
    libinit.o(.ARM.Collect$$libinit$$00000000) refers (Special) to libinit2.o(.ARM.Collect$$libinit$$0000002C) for __rt_lib_init_argv_1
    libinit.o(.ARM.Collect$$libinit$$00000000) refers (Special) to libinit2.o(.ARM.Collect$$libinit$$0000001B) for __rt_lib_init_atexit_1
    libinit.o(.ARM.Collect$$libinit$$00000000) refers (Special) to libinit2.o(.ARM.Collect$$libinit$$00000021) for __rt_lib_init_clock_1
    libinit.o(.ARM.Collect$$libinit$$00000000) refers (Special) to libinit2.o(.ARM.Collect$$libinit$$00000032) for __rt_lib_init_cpp_1
    libinit.o(.ARM.Collect$$libinit$$00000000) refers (Special) to libinit2.o(.ARM.Collect$$libinit$$00000030) for __rt_lib_init_exceptions_1
    libinit.o(.ARM.Collect$$libinit$$00000000) refers (Special) to libinit2.o(.ARM.Collect$$libinit$$00000002) for __rt_lib_init_fp_1
    libinit.o(.ARM.Collect$$libinit$$00000000) refers (Special) to libinit2.o(.ARM.Collect$$libinit$$0000001F) for __rt_lib_init_fp_trap_1
    libinit.o(.ARM.Collect$$libinit$$00000000) refers (Special) to libinit2.o(.ARM.Collect$$libinit$$00000023) for __rt_lib_init_getenv_1
    libinit.o(.ARM.Collect$$libinit$$00000000) refers (Special) to libinit2.o(.ARM.Collect$$libinit$$0000000A) for __rt_lib_init_heap_1
    libinit.o(.ARM.Collect$$libinit$$00000000) refers (Special) to libinit2.o(.ARM.Collect$$libinit$$00000011) for __rt_lib_init_lc_collate_1
    libinit.o(.ARM.Collect$$libinit$$00000000) refers (Special) to libinit2.o(.ARM.Collect$$libinit$$00000013) for __rt_lib_init_lc_ctype_1
    libinit.o(.ARM.Collect$$libinit$$00000000) refers (Special) to libinit2.o(.ARM.Collect$$libinit$$00000015) for __rt_lib_init_lc_monetary_1
    libinit.o(.ARM.Collect$$libinit$$00000000) refers (Special) to libinit2.o(.ARM.Collect$$libinit$$00000017) for __rt_lib_init_lc_numeric_1
    libinit.o(.ARM.Collect$$libinit$$00000000) refers (Special) to libinit2.o(.ARM.Collect$$libinit$$00000019) for __rt_lib_init_lc_time_1
    libinit.o(.ARM.Collect$$libinit$$00000000) refers (Special) to libinit2.o(.ARM.Collect$$libinit$$00000004) for __rt_lib_init_preinit_1
    libinit.o(.ARM.Collect$$libinit$$00000000) refers (Special) to libinit2.o(.ARM.Collect$$libinit$$0000000E) for __rt_lib_init_rand_1
    libinit.o(.ARM.Collect$$libinit$$00000000) refers (Special) to libinit2.o(.ARM.Collect$$libinit$$00000033) for __rt_lib_init_return
    libinit.o(.ARM.Collect$$libinit$$00000000) refers (Special) to libinit2.o(.ARM.Collect$$libinit$$0000001D) for __rt_lib_init_signal_1
    libinit.o(.ARM.Collect$$libinit$$00000000) refers (Special) to libinit2.o(.ARM.Collect$$libinit$$00000025) for __rt_lib_init_stdio_1
    libinit.o(.ARM.Collect$$libinit$$00000000) refers (Special) to libinit2.o(.ARM.Collect$$libinit$$0000000C) for __rt_lib_init_user_alloc_1
    cmpret.o(.text) refers (Special) to usenofp.o(x$fpl$usenofp) for __I$use$fp
    dnan2.o(.text) refers (Special) to usenofp.o(x$fpl$usenofp) for __I$use$fp
    dnan2.o(.text) refers to retnan.o(.text) for __fpl_return_NaN
    sys_stackheap.o(.text) refers (Special) to indicate_semi.o(.text) for __semihosting_library_function
    sys_stackheap.o(.text) refers to use_no_semi.o(.text) for __I$use$semihosting
    rtexit.o(.ARM.Collect$$rtexit$$00000000) refers (Special) to rtexit2.o(.ARM.Collect$$rtexit$$00000004) for __rt_exit_exit
    rtexit.o(.ARM.Collect$$rtexit$$00000000) refers (Special) to rtexit2.o(.ARM.Collect$$rtexit$$00000003) for __rt_exit_ls
    rtexit.o(.ARM.Collect$$rtexit$$00000000) refers (Special) to rtexit2.o(.ARM.Collect$$rtexit$$00000002) for __rt_exit_prels_1
    rtexit.o(.ARM.exidx) refers (Special) to rtexit2.o(.ARM.Collect$$rtexit$$00000004) for __rt_exit_exit
    rtexit.o(.ARM.exidx) refers (Special) to rtexit2.o(.ARM.Collect$$rtexit$$00000003) for __rt_exit_ls
    rtexit.o(.ARM.exidx) refers (Special) to rtexit2.o(.ARM.Collect$$rtexit$$00000002) for __rt_exit_prels_1
    rtexit.o(.ARM.exidx) refers to rtexit.o(.ARM.Collect$$rtexit$$00000000) for .ARM.Collect$$rtexit$$00000000
    rt_raise.o(.text) refers to __raise.o(.text) for __raise
    rt_raise.o(.text) refers to sys_exit.o(.text) for _sys_exit
    defsig_exit.o(.text) refers to sys_exit.o(.text) for _sys_exit
    defsig_fpe_inner.o(.text) refers to defsig_general.o(.text) for __default_signal_display
    libinit2.o(.ARM.Collect$$libinit$$00000010) refers to libinit2.o(.ARM.Collect$$libinit$$0000000F) for .ARM.Collect$$libinit$$0000000F
    libinit2.o(.ARM.Collect$$libinit$$00000012) refers to libinit2.o(.ARM.Collect$$libinit$$0000000F) for .ARM.Collect$$libinit$$0000000F
    libinit2.o(.ARM.Collect$$libinit$$00000014) refers to libinit2.o(.ARM.Collect$$libinit$$0000000F) for .ARM.Collect$$libinit$$0000000F
    libinit2.o(.ARM.Collect$$libinit$$00000016) refers to libinit2.o(.ARM.Collect$$libinit$$0000000F) for .ARM.Collect$$libinit$$0000000F
    libinit2.o(.ARM.Collect$$libinit$$00000018) refers to libinit2.o(.ARM.Collect$$libinit$$0000000F) for .ARM.Collect$$libinit$$0000000F
    libinit2.o(.ARM.Collect$$libinit$$00000026) refers to argv_veneer.o(.text) for __ARM_argv_veneer
    libinit2.o(.ARM.Collect$$libinit$$00000027) refers to argv_veneer.o(.text) for __ARM_argv_veneer
    libinit5.o(.ARM.Collect$$libinit$$00000008) refers to libinit5.o(.ARM.Collect$$libinit$$00002719) for __lit__00000000
    libinit5.o(.ARM.Collect$$libinit$$0000002A) refers to libinit5.o(.ARM.Collect$$libinit$$0000273B) for __lit__00000002
    libinit5.o(.ARM.Collect$$libinit$$0000002A) refers to argv_veneer.o(.text) for __ARM_argv_veneer
    retnan.o(.text) refers (Special) to usenofp.o(x$fpl$usenofp) for __I$use$fp
    retnan.o(.text) refers to cmpret.o(.text) for __fpl_cmpreturn
    sys_exit.o(.text) refers (Special) to use_no_semi.o(.text) for __I$use$semihosting
    sys_exit.o(.text) refers (Special) to indicate_semi.o(.text) for __semihosting_library_function
    rtexit2.o(.ARM.Collect$$rtexit$$00000003) refers to libshutdown.o(.ARM.Collect$$libshutdown$$00000000) for __rt_lib_shutdown
    rtexit2.o(.ARM.Collect$$rtexit$$00000004) refers to sys_exit.o(.text) for _sys_exit
    rtexit2.o(.ARM.exidx) refers to rtexit2.o(.ARM.Collect$$rtexit$$00000001) for .ARM.Collect$$rtexit$$00000001
    rtexit2.o(.ARM.exidx) refers to rtexit2.o(.ARM.Collect$$rtexit$$00000003) for .ARM.Collect$$rtexit$$00000003
    rtexit2.o(.ARM.exidx) refers to rtexit2.o(.ARM.Collect$$rtexit$$00000004) for .ARM.Collect$$rtexit$$00000004
    __raise.o(.text) refers to defsig.o(CL$$defsig) for __default_signal_handler
    defsig_general.o(.text) refers to sys_wrch.o(.text) for _ttywrch
    sys_wrch.o(.text) refers (Special) to use_no_semi.o(.text) for __I$use$semihosting
    sys_wrch.o(.text) refers (Special) to indicate_semi.o(.text) for __semihosting_library_function
    defsig.o(CL$$defsig) refers to defsig_fpe_inner.o(.text) for __rt_SIGFPE_inner
    defsig.o(CL$$defsig) refers to defsig_rtmem_inner.o(.text) for __rt_SIGRTMEM_inner
    _get_argv_nomalloc.o(.text) refers (Special) to hrguard.o(.text) for __heap_region$guard
    _get_argv_nomalloc.o(.text) refers to defsig_rtmem_outer.o(.text) for __rt_SIGRTMEM
    _get_argv_nomalloc.o(.text) refers to sys_command.o(.text) for _sys_command_string
    libshutdown.o(.ARM.Collect$$libshutdown$$00000000) refers (Special) to libshutdown2.o(.ARM.Collect$$libshutdown$$00000002) for __rt_lib_shutdown_cpp_1
    libshutdown.o(.ARM.Collect$$libshutdown$$00000000) refers (Special) to libshutdown2.o(.ARM.Collect$$libshutdown$$00000007) for __rt_lib_shutdown_fp_trap_1
    libshutdown.o(.ARM.Collect$$libshutdown$$00000000) refers (Special) to libshutdown2.o(.ARM.Collect$$libshutdown$$0000000F) for __rt_lib_shutdown_heap_1
    libshutdown.o(.ARM.Collect$$libshutdown$$00000000) refers (Special) to libshutdown2.o(.ARM.Collect$$libshutdown$$00000010) for __rt_lib_shutdown_return
    libshutdown.o(.ARM.Collect$$libshutdown$$00000000) refers (Special) to libshutdown2.o(.ARM.Collect$$libshutdown$$0000000A) for __rt_lib_shutdown_signal_1
    libshutdown.o(.ARM.Collect$$libshutdown$$00000000) refers (Special) to libshutdown2.o(.ARM.Collect$$libshutdown$$00000004) for __rt_lib_shutdown_stdio_1
    libshutdown.o(.ARM.Collect$$libshutdown$$00000000) refers (Special) to libshutdown2.o(.ARM.Collect$$libshutdown$$0000000C) for __rt_lib_shutdown_user_alloc_1
    sys_command.o(.text) refers (Special) to use_no_semi.o(.text) for __I$use$semihosting
    sys_command.o(.text) refers (Special) to indicate_semi.o(.text) for __semihosting_library_function
    defsig_abrt_inner.o(.text) refers to defsig_general.o(.text) for __default_signal_display
    defsig_rtred_inner.o(.text) refers to defsig_general.o(.text) for __default_signal_display
    defsig_rtmem_inner.o(.text) refers to defsig_general.o(.text) for __default_signal_display
    defsig_rtmem_outer.o(.text) refers to defsig_rtmem_inner.o(.text) for __rt_SIGRTMEM_inner
    defsig_rtmem_outer.o(.text) refers to defsig_exit.o(.text) for __sig_exit
    defsig_rtmem_formal.o(.text) refers to rt_raise.o(.text) for __rt_raise
    defsig_stak_inner.o(.text) refers to defsig_general.o(.text) for __default_signal_display
    defsig_pvfn_inner.o(.text) refers to defsig_general.o(.text) for __default_signal_display
    defsig_cppl_inner.o(.text) refers to defsig_general.o(.text) for __default_signal_display
    defsig_segv_inner.o(.text) refers to defsig_general.o(.text) for __default_signal_display
    defsig_other.o(.text) refers to defsig_general.o(.text) for __default_signal_display


==============================================================================

Removing Unused input sections from the image.

    Removing main.o(.rev16_text), (4 bytes).
    Removing main.o(.revsh_text), (4 bytes).
    Removing i2c.o(.rev16_text), (4 bytes).
    Removing i2c.o(.revsh_text), (4 bytes).
    Removing i2c.o(i.I2C0_read_byte), (124 bytes).
    Removing mma8451.o(.rev16_text), (4 bytes).
    Removing mma8451.o(.revsh_text), (4 bytes).
    Removing mma8451.o(i.read_xyz), (72 bytes).
    Removing timer.o(.rev16_text), (4 bytes).
    Removing timer.o(.revsh_text), (4 bytes).
    Removing timer.o(i.get_timer), (12 bytes).
    Removing timer.o(i.now), (12 bytes).
    Removing timer.o(i.reset_timer), (12 bytes).
    Removing utility.o(.rev16_text), (4 bytes).
    Removing utility.o(.revsh_text), (4 bytes).
    Removing slcd.o(.rev16_text), (4 bytes).
    Removing slcd.o(.revsh_text), (4 bytes).
    Removing system_mkl46z4.o(.rev16_text), (4 bytes).
    Removing system_mkl46z4.o(.revsh_text), (4 bytes).
    Removing system_mkl46z4.o(i.SystemCoreClockUpdate), (400 bytes).
    Removing system_mkl46z4.o(.data), (4 bytes).
    Removing system_mkl46z4.o(i.__ARM_common_switch8), (28 bytes).

22 unused section(s) (total 720 bytes) removed from the image.

==============================================================================

Image Symbol Table

    Local Symbols

    Symbol Name                              Value     Ov Type        Size  Object(Section)

    RESET                                    0x00000000   Section      192  startup_mkl46z4.o(RESET)
    ../clib/angel/boardlib.s                 0x00000000   Number         0  boardinit2.o ABSOLUTE
    ../clib/angel/boardlib.s                 0x00000000   Number         0  boardinit1.o ABSOLUTE
    ../clib/angel/boardlib.s                 0x00000000   Number         0  boardinit3.o ABSOLUTE
    ../clib/angel/boardlib.s                 0x00000000   Number         0  boardshut.o ABSOLUTE
    ../clib/angel/handlers.s                 0x00000000   Number         0  __scatter_zi.o ABSOLUTE
    ../clib/angel/handlers.s                 0x00000000   Number         0  __scatter_copy.o ABSOLUTE
    ../clib/angel/kernel.s                   0x00000000   Number         0  __rtentry.o ABSOLUTE
    ../clib/angel/kernel.s                   0x00000000   Number         0  rtexit2.o ABSOLUTE
    ../clib/angel/kernel.s                   0x00000000   Number         0  rtexit.o ABSOLUTE
    ../clib/angel/kernel.s                   0x00000000   Number         0  __rtentry7.o ABSOLUTE
    ../clib/angel/kernel.s                   0x00000000   Number         0  __rtentry2.o ABSOLUTE
    ../clib/angel/kernel.s                   0x00000000   Number         0  __rtentry4.o ABSOLUTE
    ../clib/angel/rt.s                       0x00000000   Number         0  rt_errno_addr.o ABSOLUTE
    ../clib/angel/rt.s                       0x00000000   Number         0  aeabi_idiv0.o ABSOLUTE
    ../clib/angel/rt.s                       0x00000000   Number         0  aeabi_idiv0_sigfpe.o ABSOLUTE
    ../clib/angel/rt.s                       0x00000000   Number         0  rt_raise.o ABSOLUTE
    ../clib/angel/rt.s                       0x00000000   Number         0  rt_errno_addr_intlibspace.o ABSOLUTE
    ../clib/angel/rt.s                       0x00000000   Number         0  rt_div0.o ABSOLUTE
    ../clib/angel/scatterp.s                 0x00000000   Number         0  __scatter.o ABSOLUTE
    ../clib/angel/startup.s                  0x00000000   Number         0  __main.o ABSOLUTE
    ../clib/angel/sys.s                      0x00000000   Number         0  sys_stackheap.o ABSOLUTE
    ../clib/angel/sys.s                      0x00000000   Number         0  libspace.o ABSOLUTE
    ../clib/angel/sys.s                      0x00000000   Number         0  sys_stackheap_outer.o ABSOLUTE
    ../clib/angel/sys.s                      0x00000000   Number         0  indicate_semi.o ABSOLUTE
    ../clib/angel/sys.s                      0x00000000   Number         0  use_no_semi.o ABSOLUTE
    ../clib/angel/sys.s                      0x00000000   Number         0  tempstk.o ABSOLUTE
    ../clib/angel/sysapp.c                   0x00000000   Number         0  sys_wrch.o ABSOLUTE
    ../clib/angel/sysapp.c                   0x00000000   Number         0  sys_command.o ABSOLUTE
    ../clib/angel/sysapp.c                   0x00000000   Number         0  sys_exit.o ABSOLUTE
    ../clib/armsys.c                         0x00000000   Number         0  _get_argv_nomalloc.o ABSOLUTE
    ../clib/armsys.c                         0x00000000   Number         0  argv_veneer.o ABSOLUTE
    ../clib/armsys.c                         0x00000000   Number         0  no_argv.o ABSOLUTE
    ../clib/division.c                       0x00000000   Number         0  rtudiv10.o ABSOLUTE
    ../clib/division.s                       0x00000000   Number         0  aeabi_sdiv.o ABSOLUTE
    ../clib/division.s                       0x00000000   Number         0  aeabi_sdiv_div0.o ABSOLUTE
    ../clib/fenv.c                           0x00000000   Number         0  _rserrno.o ABSOLUTE
    ../clib/heapalloc.c                      0x00000000   Number         0  hrguard.o ABSOLUTE
    ../clib/libinit.s                        0x00000000   Number         0  libshutdown.o ABSOLUTE
    ../clib/libinit.s                        0x00000000   Number         0  libinit.o ABSOLUTE
    ../clib/libinit.s                        0x00000000   Number         0  libshutdown2.o ABSOLUTE
    ../clib/libinit.s                        0x00000000   Number         0  libinit2.o ABSOLUTE
    ../clib/libinit.s                        0x00000000   Number         0  libinit5.o ABSOLUTE
    ../clib/printf.c                         0x00000000   Number         0  _printf_dec.o ABSOLUTE
    ../clib/printf.c                         0x00000000   Number         0  __printf_flags.o ABSOLUTE
    ../clib/printf.c                         0x00000000   Number         0  __printf_ss.o ABSOLUTE
    ../clib/printf.c                         0x00000000   Number         0  __printf_flags_ss.o ABSOLUTE
    ../clib/printf.c                         0x00000000   Number         0  __printf_wp.o ABSOLUTE
    ../clib/printf.c                         0x00000000   Number         0  __printf_flags_wp.o ABSOLUTE
    ../clib/printf.c                         0x00000000   Number         0  __printf_ss_wp.o ABSOLUTE
    ../clib/printf.c                         0x00000000   Number         0  __printf_flags_ss_wp.o ABSOLUTE
    ../clib/printf.c                         0x00000000   Number         0  _printf_intcommon.o ABSOLUTE
    ../clib/printf.c                         0x00000000   Number         0  _printf_char_common.o ABSOLUTE
    ../clib/printf.c                         0x00000000   Number         0  __printf_nopercent.o ABSOLUTE
    ../clib/printf.c                         0x00000000   Number         0  _sputc.o ABSOLUTE
    ../clib/printf.c                         0x00000000   Number         0  __2sprintf.o ABSOLUTE
    ../clib/printf.c                         0x00000000   Number         0  noretval__2sprintf.o ABSOLUTE
    ../clib/printf.c                         0x00000000   Number         0  __printf.o ABSOLUTE
    ../clib/printf_percent.s                 0x00000000   Number         0  _printf_percent_end.o ABSOLUTE
    ../clib/printf_percent.s                 0x00000000   Number         0  _printf_percent.o ABSOLUTE
    ../clib/printf_percent.s                 0x00000000   Number         0  _printf_d.o ABSOLUTE
    ../clib/signal.c                         0x00000000   Number         0  defsig_rtmem_outer.o ABSOLUTE
    ../clib/signal.c                         0x00000000   Number         0  defsig_rtred_inner.o ABSOLUTE
    ../clib/signal.c                         0x00000000   Number         0  defsig_abrt_inner.o ABSOLUTE
    ../clib/signal.c                         0x00000000   Number         0  defsig_other.o ABSOLUTE
    ../clib/signal.c                         0x00000000   Number         0  defsig_segv_inner.o ABSOLUTE
    ../clib/signal.c                         0x00000000   Number         0  defsig_cppl_inner.o ABSOLUTE
    ../clib/signal.c                         0x00000000   Number         0  defsig_pvfn_inner.o ABSOLUTE
    ../clib/signal.c                         0x00000000   Number         0  defsig_stak_inner.o ABSOLUTE
    ../clib/signal.c                         0x00000000   Number         0  defsig_rtmem_formal.o ABSOLUTE
    ../clib/signal.c                         0x00000000   Number         0  defsig_rtmem_inner.o ABSOLUTE
    ../clib/signal.c                         0x00000000   Number         0  defsig_exit.o ABSOLUTE
    ../clib/signal.c                         0x00000000   Number         0  defsig_fpe_inner.o ABSOLUTE
    ../clib/signal.c                         0x00000000   Number         0  defsig_general.o ABSOLUTE
    ../clib/signal.c                         0x00000000   Number         0  __raise.o ABSOLUTE
    ../clib/signal.c                         0x00000000   Number         0  defsig_fpe_formal.o ABSOLUTE
    ../clib/signal.c                         0x00000000   Number         0  defsig_fpe_outer.o ABSOLUTE
    ../clib/signal.s                         0x00000000   Number         0  defsig.o ABSOLUTE
    ../clib/stdlib.c                         0x00000000   Number         0  exit.o ABSOLUTE
    ../fplib/cfplib/cmpret.c                 0x00000000   Number         0  cmpret.o ABSOLUTE
    ../fplib/cfplib/dcmpin.c                 0x00000000   Number         0  dcmpin.o ABSOLUTE
    ../fplib/cfplib/dsqrt.c                  0x00000000   Number         0  dsqrt.o ABSOLUTE
    ../fplib/cfplib/ffix.c                   0x00000000   Number         0  dfixi.o ABSOLUTE
    ../fplib/cfplib/fflt.c                   0x00000000   Number         0  dflti.o ABSOLUTE
    ../fplib/cfplib/fpinit.c                 0x00000000   Number         0  fpinit.o ABSOLUTE
    ../fplib/cfplib/nan2.c                   0x00000000   Number         0  dnan2.o ABSOLUTE
    ../fplib/cfplib/retnan.c                 0x00000000   Number         0  retnan.o ABSOLUTE
    ../fplib/dleqf6m.s                       0x00000000   Number         0  dlef.o ABSOLUTE
    ../fplib/usenofp.s                       0x00000000   Number         0  usenofp.o ABSOLUTE
    ../mathlib/sqrt.c                        0x00000000   Number         0  sqrt.o ABSOLUTE
    ../mathlib/sqrt.c                        0x00000000   Number         0  sqrt_x.o ABSOLUTE
    RTE\Device\MKL46Z256VLL4\startup_MKL46Z4.s 0x00000000   Number         0  startup_mkl46z4.o ABSOLUTE
    RTE\Device\MKL46Z256VLL4\system_MKL46Z4.c 0x00000000   Number         0  system_mkl46z4.o ABSOLUTE
    RTE\\Device\\MKL46Z256VLL4\\system_MKL46Z4.c 0x00000000   Number         0  system_mkl46z4.o ABSOLUTE
    dc.s                                     0x00000000   Number         0  dc.o ABSOLUTE
    i2c.c                                    0x00000000   Number         0  i2c.o ABSOLUTE
    i2c.c                                    0x00000000   Number         0  i2c.o ABSOLUTE
    main.c                                   0x00000000   Number         0  main.o ABSOLUTE
    main.c                                   0x00000000   Number         0  main.o ABSOLUTE
    mma8451.c                                0x00000000   Number         0  mma8451.o ABSOLUTE
    mma8451.c                                0x00000000   Number         0  mma8451.o ABSOLUTE
    slcd.c                                   0x00000000   Number         0  slcd.o ABSOLUTE
    slcd.c                                   0x00000000   Number         0  slcd.o ABSOLUTE
    timer.c                                  0x00000000   Number         0  timer.o ABSOLUTE
    timer.c                                  0x00000000   Number         0  timer.o ABSOLUTE
    utility.c                                0x00000000   Number         0  utility.o ABSOLUTE
    utility.c                                0x00000000   Number         0  utility.o ABSOLUTE
    FlashConfig                              0x00000400   Section       16  startup_mkl46z4.o(FlashConfig)
    !!!main                                  0x00000410   Section        8  __main.o(!!!main)
    !!!scatter                               0x00000418   Section       60  __scatter.o(!!!scatter)
    !!handler_copy                           0x00000454   Section       26  __scatter_copy.o(!!handler_copy)
    !!handler_zi                             0x00000470   Section       28  __scatter_zi.o(!!handler_zi)
    .ARM.Collect$$_printf_percent$$00000000  0x0000048c   Section        2  _printf_percent.o(.ARM.Collect$$_printf_percent$$00000000)
    .ARM.Collect$$_printf_percent$$00000009  0x0000048e   Section       10  _printf_d.o(.ARM.Collect$$_printf_percent$$00000009)
    .ARM.Collect$$_printf_percent$$00000017  0x00000498   Section        4  _printf_percent_end.o(.ARM.Collect$$_printf_percent$$00000017)
    .ARM.Collect$$libinit$$00000000          0x0000049c   Section        2  libinit.o(.ARM.Collect$$libinit$$00000000)
    .ARM.Collect$$libinit$$00000002          0x0000049e   Section        0  libinit2.o(.ARM.Collect$$libinit$$00000002)
    .ARM.Collect$$libinit$$00000004          0x0000049e   Section        0  libinit2.o(.ARM.Collect$$libinit$$00000004)
    .ARM.Collect$$libinit$$0000000A          0x0000049e   Section        0  libinit2.o(.ARM.Collect$$libinit$$0000000A)
    .ARM.Collect$$libinit$$0000000C          0x0000049e   Section        0  libinit2.o(.ARM.Collect$$libinit$$0000000C)
    .ARM.Collect$$libinit$$0000000E          0x0000049e   Section        0  libinit2.o(.ARM.Collect$$libinit$$0000000E)
    .ARM.Collect$$libinit$$00000011          0x0000049e   Section        0  libinit2.o(.ARM.Collect$$libinit$$00000011)
    .ARM.Collect$$libinit$$00000013          0x0000049e   Section        0  libinit2.o(.ARM.Collect$$libinit$$00000013)
    .ARM.Collect$$libinit$$00000015          0x0000049e   Section        0  libinit2.o(.ARM.Collect$$libinit$$00000015)
    .ARM.Collect$$libinit$$00000017          0x0000049e   Section        0  libinit2.o(.ARM.Collect$$libinit$$00000017)
    .ARM.Collect$$libinit$$00000019          0x0000049e   Section        0  libinit2.o(.ARM.Collect$$libinit$$00000019)
    .ARM.Collect$$libinit$$0000001B          0x0000049e   Section        0  libinit2.o(.ARM.Collect$$libinit$$0000001B)
    .ARM.Collect$$libinit$$0000001D          0x0000049e   Section        0  libinit2.o(.ARM.Collect$$libinit$$0000001D)
    .ARM.Collect$$libinit$$0000001F          0x0000049e   Section        0  libinit2.o(.ARM.Collect$$libinit$$0000001F)
    .ARM.Collect$$libinit$$00000021          0x0000049e   Section        0  libinit2.o(.ARM.Collect$$libinit$$00000021)
    .ARM.Collect$$libinit$$00000023          0x0000049e   Section        0  libinit2.o(.ARM.Collect$$libinit$$00000023)
    .ARM.Collect$$libinit$$00000025          0x0000049e   Section        0  libinit2.o(.ARM.Collect$$libinit$$00000025)
    .ARM.Collect$$libinit$$0000002C          0x0000049e   Section        0  libinit2.o(.ARM.Collect$$libinit$$0000002C)
    .ARM.Collect$$libinit$$0000002E          0x0000049e   Section        0  libinit2.o(.ARM.Collect$$libinit$$0000002E)
    .ARM.Collect$$libinit$$00000030          0x0000049e   Section        0  libinit2.o(.ARM.Collect$$libinit$$00000030)
    .ARM.Collect$$libinit$$00000032          0x0000049e   Section        0  libinit2.o(.ARM.Collect$$libinit$$00000032)
    .ARM.Collect$$libinit$$00000033          0x0000049e   Section        2  libinit2.o(.ARM.Collect$$libinit$$00000033)
    .ARM.Collect$$libshutdown$$00000000      0x000004a0   Section        2  libshutdown.o(.ARM.Collect$$libshutdown$$00000000)
    .ARM.Collect$$libshutdown$$00000002      0x000004a2   Section        0  libshutdown2.o(.ARM.Collect$$libshutdown$$00000002)
    .ARM.Collect$$libshutdown$$00000004      0x000004a2   Section        0  libshutdown2.o(.ARM.Collect$$libshutdown$$00000004)
    .ARM.Collect$$libshutdown$$00000007      0x000004a2   Section        0  libshutdown2.o(.ARM.Collect$$libshutdown$$00000007)
    .ARM.Collect$$libshutdown$$0000000A      0x000004a2   Section        0  libshutdown2.o(.ARM.Collect$$libshutdown$$0000000A)
    .ARM.Collect$$libshutdown$$0000000C      0x000004a2   Section        0  libshutdown2.o(.ARM.Collect$$libshutdown$$0000000C)
    .ARM.Collect$$libshutdown$$0000000F      0x000004a2   Section        0  libshutdown2.o(.ARM.Collect$$libshutdown$$0000000F)
    .ARM.Collect$$libshutdown$$00000010      0x000004a2   Section        2  libshutdown2.o(.ARM.Collect$$libshutdown$$00000010)
    .ARM.Collect$$rtentry$$00000000          0x000004a4   Section        0  __rtentry.o(.ARM.Collect$$rtentry$$00000000)
    .ARM.Collect$$rtentry$$00000002          0x000004a4   Section        0  __rtentry2.o(.ARM.Collect$$rtentry$$00000002)
    .ARM.Collect$$rtentry$$00000007          0x000004a4   Section        4  __rtentry7.o(.ARM.Collect$$rtentry$$00000007)
    .ARM.Collect$$rtentry$$00000009          0x000004a8   Section        0  __rtentry2.o(.ARM.Collect$$rtentry$$00000009)
    .ARM.Collect$$rtentry$$0000000A          0x000004a8   Section        4  __rtentry2.o(.ARM.Collect$$rtentry$$0000000A)
    .ARM.Collect$$rtentry$$0000000C          0x000004ac   Section        0  __rtentry2.o(.ARM.Collect$$rtentry$$0000000C)
    .ARM.Collect$$rtentry$$0000000D          0x000004ac   Section        8  __rtentry2.o(.ARM.Collect$$rtentry$$0000000D)
    .ARM.Collect$$rtentry$$00002718          0x000004b4   Section        4  __rtentry7.o(.ARM.Collect$$rtentry$$00002718)
    __lit__00000000                          0x000004b4   Data           4  __rtentry7.o(.ARM.Collect$$rtentry$$00002718)
    .ARM.Collect$$rtexit$$00000000           0x000004b8   Section        2  rtexit.o(.ARM.Collect$$rtexit$$00000000)
    .ARM.Collect$$rtexit$$00000002           0x000004ba   Section        0  rtexit2.o(.ARM.Collect$$rtexit$$00000002)
    .ARM.Collect$$rtexit$$00000003           0x000004ba   Section        4  rtexit2.o(.ARM.Collect$$rtexit$$00000003)
    .ARM.Collect$$rtexit$$00000004           0x000004be   Section        6  rtexit2.o(.ARM.Collect$$rtexit$$00000004)
    .text                                    0x000004c4   Section      156  startup_mkl46z4.o(.text)
    .text                                    0x00000560   Section        0  noretval__2sprintf.o(.text)
    .text                                    0x00000588   Section        0  __printf.o(.text)
    .text                                    0x000005f4   Section        0  _printf_dec.o(.text)
    .text                                    0x00000660   Section      346  aeabi_sdiv.o(.text)
    .text                                    0x000007bc   Section        0  dfixi.o(.text)
    .text                                    0x00000828   Section        0  dflti.o(.text)
    .text                                    0x00000880   Section        0  _rserrno.o(.text)
    .text                                    0x00000896   Section        0  _printf_intcommon.o(.text)
    .text                                    0x00000948   Section        0  _printf_char_common.o(.text)
    _printf_input_char                       0x00000949   Thumb Code    10  _printf_char_common.o(.text)
    .text                                    0x00000978   Section        0  _sputc.o(.text)
    .text                                    0x00000982   Section        0  rtudiv10.o(.text)
    .text                                    0x000009ac   Section        0  dsqrt.o(.text)
    .text                                    0x00000aac   Section        8  rt_errno_addr_intlibspace.o(.text)
    .text                                    0x00000ab4   Section        0  exit.o(.text)
    .text                                    0x00000ac4   Section        0  sys_exit.o(.text)
    .text                                    0x00000ad0   Section        2  use_no_semi.o(.text)
    .text                                    0x00000ad2   Section        0  indicate_semi.o(.text)
    i.I2C0_busy                              0x00000ad4   Section        0  i2c.o(i.I2C0_busy)
    i.I2C0_init                              0x00000bdc   Section        0  i2c.o(i.I2C0_init)
    i.I2C0_read_setup                        0x00000c40   Section        0  i2c.o(i.I2C0_read_setup)
    i.I2C0_repeated_read                     0x00000c80   Section        0  i2c.o(i.I2C0_repeated_read)
    i.I2C0_start                             0x00000cd0   Section        0  i2c.o(i.I2C0_start)
    i.I2C0_wait                              0x00000cf0   Section        0  i2c.o(i.I2C0_wait)
    i.I2C0_write_byte                        0x00000d48   Section        0  i2c.o(i.I2C0_write_byte)
    i.LED_Init                               0x00000d90   Section        0  main.o(i.LED_Init)
    i.PORTC_PORTD_IRQHandler                 0x00000de8   Section        0  main.o(i.PORTC_PORTD_IRQHandler)
    i.SLCD_EnablePins                        0x00000e24   Section        0  slcd.o(i.SLCD_EnablePins)
    i.SLCD_Init                              0x00000eb4   Section        0  slcd.o(i.SLCD_Init)
    i.SLCD_WriteChar                         0x00000f18   Section        0  slcd.o(i.SLCD_WriteChar)
    i.SLCD_WriteMsg                          0x00000f98   Section        0  slcd.o(i.SLCD_WriteMsg)
    i.SWITCH_Init                            0x00000fd8   Section        0  main.o(i.SWITCH_Init)
    i.SysTick_Handler                        0x00001058   Section        0  timer.o(i.SysTick_Handler)
    i.SystemInit                             0x00001068   Section        0  system_mkl46z4.o(i.SystemInit)
    i.SystemInitHook                         0x0000107c   Section        0  system_mkl46z4.o(i.SystemInitHook)
    i.__NVIC_SetPriority                     0x00001080   Section        0  timer.o(i.__NVIC_SetPriority)
    __NVIC_SetPriority                       0x00001081   Thumb Code   110  timer.o(i.__NVIC_SetPriority)
    i.calibrate                              0x000010f8   Section        0  mma8451.o(i.calibrate)
    i.delay                                  0x00001190   Section        0  timer.o(i.delay)
    i.detect_step                            0x000011ac   Section        0  utility.o(i.detect_step)
    i.getTicks                               0x000012c0   Section        0  timer.o(i.getTicks)
    i.init_mma                               0x000012cc   Section        0  mma8451.o(i.init_mma)
    i.init_systick                           0x000012dc   Section        0  timer.o(i.init_systick)
    i.main                                   0x00001320   Section        0  main.o(i.main)
    i.read_full_xyz                          0x00001480   Section        0  mma8451.o(i.read_full_xyz)
    i.sqrt                                   0x00001514   Section        0  sqrt.o(i.sqrt)
    .constdata                               0x0000155c   Section      238  slcd.o(.constdata)
    x$fpl$usenofp                            0x0000155c   Section        0  usenofp.o(x$fpl$usenofp)
    .data                                    0x1fffe000   Section       24  main.o(.data)
    i                                        0x1fffe014   Data           4  main.o(.data)
    .data                                    0x1fffe018   Section        8  i2c.o(.data)
    .data                                    0x1fffe020   Section        6  mma8451.o(.data)
    .data                                    0x1fffe028   Section        4  timer.o(.data)
    .data                                    0x1fffe02c   Section        1  utility.o(.data)
    .data                                    0x1fffe02d   Section        1  slcd.o(.data)
    .bss                                     0x1fffe030   Section     1000  main.o(.bss)
    .bss                                     0x1fffe418   Section       96  libspace.o(.bss)

    Global Symbols

    Symbol Name                              Value     Ov Type        Size  Object(Section)

    BuildAttributes$$THM_ISAv3M$S$PE$A:L22$X:L11$S22$IEEE1$IW$USESV6$~STKCKD$USESV7$~SHL$OTIME$ROPI$IEEEJ$EBA8$UX$STANDARDLIB$REQ8$PRES8$EABIv2 0x00000000   Number         0  anon$$obj.o ABSOLUTE
    __ARM_use_no_argv                        0x00000000   Number         0  main.o ABSOLUTE
    __Vectors                                0x00000000   Data           4  startup_mkl46z4.o(RESET)
    Image$$ZI$$Limit                          - Undefined Weak Reference
    __ARM_exceptions_init                     - Undefined Weak Reference
    __alloca_initialize                       - Undefined Weak Reference
    __arm_preinit_                            - Undefined Weak Reference
    __cpp_initialize__aeabi_                  - Undefined Weak Reference
    __cxa_finalize                            - Undefined Weak Reference
    __rt_locale                               - Undefined Weak Reference
    __sigvec_lookup                           - Undefined Weak Reference
    _atexit_init                              - Undefined Weak Reference
    _call_atexit_fns                          - Undefined Weak Reference
    _clock_init                               - Undefined Weak Reference
    _fp_trap_init                             - Undefined Weak Reference
    _fp_trap_shutdown                         - Undefined Weak Reference
    _get_lc_collate                           - Undefined Weak Reference
    _get_lc_ctype                             - Undefined Weak Reference
    _get_lc_monetary                          - Undefined Weak Reference
    _get_lc_numeric                           - Undefined Weak Reference
    _get_lc_time                              - Undefined Weak Reference
    _getenv_init                              - Undefined Weak Reference
    _handle_redirection                       - Undefined Weak Reference
    _init_alloc                               - Undefined Weak Reference
    _init_user_alloc                          - Undefined Weak Reference
    _initio                                   - Undefined Weak Reference
    _printf_post_padding                      - Undefined Weak Reference
    _printf_pre_padding                       - Undefined Weak Reference
    _printf_truncate_signed                   - Undefined Weak Reference
    _printf_truncate_unsigned                 - Undefined Weak Reference
    _rand_init                                - Undefined Weak Reference
    _signal_finish                            - Undefined Weak Reference
    _signal_init                              - Undefined Weak Reference
    _terminate_alloc                          - Undefined Weak Reference
    _terminate_user_alloc                     - Undefined Weak Reference
    _terminateio                              - Undefined Weak Reference
    __Vectors_End                            0x000000c0   Data           0  startup_mkl46z4.o(RESET)
    __Vectors_Size                           0x000000c0   Number         0  startup_mkl46z4.o ABSOLUTE
    __main                                   0x00000411   Thumb Code     8  __main.o(!!!main)
    __scatterload                            0x00000419   Thumb Code     0  __scatter.o(!!!scatter)
    __scatterload_rt2                        0x00000419   Thumb Code    52  __scatter.o(!!!scatter)
    __scatterload_rt2_thumb_only             0x00000419   Thumb Code     0  __scatter.o(!!!scatter)
    __scatterload_null                       0x00000429   Thumb Code     0  __scatter.o(!!!scatter)
    __scatterload_copy                       0x00000455   Thumb Code    26  __scatter_copy.o(!!handler_copy)
    __scatterload_zeroinit                   0x00000471   Thumb Code    28  __scatter_zi.o(!!handler_zi)
    _printf_percent                          0x0000048d   Thumb Code     0  _printf_percent.o(.ARM.Collect$$_printf_percent$$00000000)
    _printf_d                                0x0000048f   Thumb Code     0  _printf_d.o(.ARM.Collect$$_printf_percent$$00000009)
    _printf_percent_end                      0x00000499   Thumb Code     0  _printf_percent_end.o(.ARM.Collect$$_printf_percent$$00000017)
    __rt_lib_init                            0x0000049d   Thumb Code     0  libinit.o(.ARM.Collect$$libinit$$00000000)
    __rt_lib_init_alloca_1                   0x0000049f   Thumb Code     0  libinit2.o(.ARM.Collect$$libinit$$0000002E)
    __rt_lib_init_argv_1                     0x0000049f   Thumb Code     0  libinit2.o(.ARM.Collect$$libinit$$0000002C)
    __rt_lib_init_atexit_1                   0x0000049f   Thumb Code     0  libinit2.o(.ARM.Collect$$libinit$$0000001B)
    __rt_lib_init_clock_1                    0x0000049f   Thumb Code     0  libinit2.o(.ARM.Collect$$libinit$$00000021)
    __rt_lib_init_cpp_1                      0x0000049f   Thumb Code     0  libinit2.o(.ARM.Collect$$libinit$$00000032)
    __rt_lib_init_exceptions_1               0x0000049f   Thumb Code     0  libinit2.o(.ARM.Collect$$libinit$$00000030)
    __rt_lib_init_fp_1                       0x0000049f   Thumb Code     0  libinit2.o(.ARM.Collect$$libinit$$00000002)
    __rt_lib_init_fp_trap_1                  0x0000049f   Thumb Code     0  libinit2.o(.ARM.Collect$$libinit$$0000001F)
    __rt_lib_init_getenv_1                   0x0000049f   Thumb Code     0  libinit2.o(.ARM.Collect$$libinit$$00000023)
    __rt_lib_init_heap_1                     0x0000049f   Thumb Code     0  libinit2.o(.ARM.Collect$$libinit$$0000000A)
    __rt_lib_init_lc_collate_1               0x0000049f   Thumb Code     0  libinit2.o(.ARM.Collect$$libinit$$00000011)
    __rt_lib_init_lc_ctype_1                 0x0000049f   Thumb Code     0  libinit2.o(.ARM.Collect$$libinit$$00000013)
    __rt_lib_init_lc_monetary_1              0x0000049f   Thumb Code     0  libinit2.o(.ARM.Collect$$libinit$$00000015)
    __rt_lib_init_lc_numeric_1               0x0000049f   Thumb Code     0  libinit2.o(.ARM.Collect$$libinit$$00000017)
    __rt_lib_init_lc_time_1                  0x0000049f   Thumb Code     0  libinit2.o(.ARM.Collect$$libinit$$00000019)
    __rt_lib_init_preinit_1                  0x0000049f   Thumb Code     0  libinit2.o(.ARM.Collect$$libinit$$00000004)
    __rt_lib_init_rand_1                     0x0000049f   Thumb Code     0  libinit2.o(.ARM.Collect$$libinit$$0000000E)
    __rt_lib_init_return                     0x0000049f   Thumb Code     0  libinit2.o(.ARM.Collect$$libinit$$00000033)
    __rt_lib_init_signal_1                   0x0000049f   Thumb Code     0  libinit2.o(.ARM.Collect$$libinit$$0000001D)
    __rt_lib_init_stdio_1                    0x0000049f   Thumb Code     0  libinit2.o(.ARM.Collect$$libinit$$00000025)
    __rt_lib_init_user_alloc_1               0x0000049f   Thumb Code     0  libinit2.o(.ARM.Collect$$libinit$$0000000C)
    __rt_lib_shutdown                        0x000004a1   Thumb Code     0  libshutdown.o(.ARM.Collect$$libshutdown$$00000000)
    __rt_lib_shutdown_cpp_1                  0x000004a3   Thumb Code     0  libshutdown2.o(.ARM.Collect$$libshutdown$$00000002)
    __rt_lib_shutdown_fp_trap_1              0x000004a3   Thumb Code     0  libshutdown2.o(.ARM.Collect$$libshutdown$$00000007)
    __rt_lib_shutdown_heap_1                 0x000004a3   Thumb Code     0  libshutdown2.o(.ARM.Collect$$libshutdown$$0000000F)
    __rt_lib_shutdown_return                 0x000004a3   Thumb Code     0  libshutdown2.o(.ARM.Collect$$libshutdown$$00000010)
    __rt_lib_shutdown_signal_1               0x000004a3   Thumb Code     0  libshutdown2.o(.ARM.Collect$$libshutdown$$0000000A)
    __rt_lib_shutdown_stdio_1                0x000004a3   Thumb Code     0  libshutdown2.o(.ARM.Collect$$libshutdown$$00000004)
    __rt_lib_shutdown_user_alloc_1           0x000004a3   Thumb Code     0  libshutdown2.o(.ARM.Collect$$libshutdown$$0000000C)
    __rt_entry                               0x000004a5   Thumb Code     0  __rtentry.o(.ARM.Collect$$rtentry$$00000000)
    __rt_entry_presh_1                       0x000004a5   Thumb Code     0  __rtentry2.o(.ARM.Collect$$rtentry$$00000002)
    __rt_entry_sh                            0x000004a5   Thumb Code     0  __rtentry7.o(.ARM.Collect$$rtentry$$00000007)
    __rt_entry_li                            0x000004a9   Thumb Code     0  __rtentry2.o(.ARM.Collect$$rtentry$$0000000A)
    __rt_entry_postsh_1                      0x000004a9   Thumb Code     0  __rtentry2.o(.ARM.Collect$$rtentry$$00000009)
    __rt_entry_main                          0x000004ad   Thumb Code     0  __rtentry2.o(.ARM.Collect$$rtentry$$0000000D)
    __rt_entry_postli_1                      0x000004ad   Thumb Code     0  __rtentry2.o(.ARM.Collect$$rtentry$$0000000C)
    __rt_exit                                0x000004b9   Thumb Code     0  rtexit.o(.ARM.Collect$$rtexit$$00000000)
    __rt_exit_ls                             0x000004bb   Thumb Code     0  rtexit2.o(.ARM.Collect$$rtexit$$00000003)
    __rt_exit_prels_1                        0x000004bb   Thumb Code     0  rtexit2.o(.ARM.Collect$$rtexit$$00000002)
    __rt_exit_exit                           0x000004bf   Thumb Code     0  rtexit2.o(.ARM.Collect$$rtexit$$00000004)
    Reset_Handler                            0x000004c5   Thumb Code    24  startup_mkl46z4.o(.text)
    NMI_Handler                              0x000004dd   Thumb Code     2  startup_mkl46z4.o(.text)
    HardFault_Handler                        0x000004df   Thumb Code     2  startup_mkl46z4.o(.text)
    SVC_Handler                              0x000004e1   Thumb Code     2  startup_mkl46z4.o(.text)
    PendSV_Handler                           0x000004e3   Thumb Code     2  startup_mkl46z4.o(.text)
    DMA0_IRQHandler                          0x000004e7   Thumb Code     4  startup_mkl46z4.o(.text)
    DMA1_IRQHandler                          0x000004eb   Thumb Code     4  startup_mkl46z4.o(.text)
    DMA2_IRQHandler                          0x000004ef   Thumb Code     4  startup_mkl46z4.o(.text)
    DMA3_IRQHandler                          0x000004f3   Thumb Code     4  startup_mkl46z4.o(.text)
    I2C0_IRQHandler                          0x000004f7   Thumb Code     4  startup_mkl46z4.o(.text)
    I2C1_IRQHandler                          0x000004fb   Thumb Code     4  startup_mkl46z4.o(.text)
    SPI0_IRQHandler                          0x000004ff   Thumb Code     4  startup_mkl46z4.o(.text)
    SPI1_IRQHandler                          0x00000503   Thumb Code     4  startup_mkl46z4.o(.text)
    UART0_IRQHandler                         0x00000507   Thumb Code     4  startup_mkl46z4.o(.text)
    UART1_IRQHandler                         0x0000050b   Thumb Code     4  startup_mkl46z4.o(.text)
    UART2_IRQHandler                         0x0000050f   Thumb Code     4  startup_mkl46z4.o(.text)
    I2S0_IRQHandler                          0x00000513   Thumb Code     4  startup_mkl46z4.o(.text)
    ADC0_IRQHandler                          0x00000517   Thumb Code     0  startup_mkl46z4.o(.text)
    CMP0_IRQHandler                          0x00000517   Thumb Code     0  startup_mkl46z4.o(.text)
    DAC0_IRQHandler                          0x00000517   Thumb Code     0  startup_mkl46z4.o(.text)
    DMA0_DriverIRQHandler                    0x00000517   Thumb Code     0  startup_mkl46z4.o(.text)
    DMA1_DriverIRQHandler                    0x00000517   Thumb Code     0  startup_mkl46z4.o(.text)
    DMA2_DriverIRQHandler                    0x00000517   Thumb Code     0  startup_mkl46z4.o(.text)
    DMA3_DriverIRQHandler                    0x00000517   Thumb Code     0  startup_mkl46z4.o(.text)
    DefaultISR                               0x00000517   Thumb Code     0  startup_mkl46z4.o(.text)
    FTFA_IRQHandler                          0x00000517   Thumb Code     0  startup_mkl46z4.o(.text)
    I2C0_DriverIRQHandler                    0x00000517   Thumb Code     0  startup_mkl46z4.o(.text)
    I2C1_DriverIRQHandler                    0x00000517   Thumb Code     0  startup_mkl46z4.o(.text)
    I2S0_DriverIRQHandler                    0x00000517   Thumb Code     0  startup_mkl46z4.o(.text)
    LCD_IRQHandler                           0x00000517   Thumb Code     0  startup_mkl46z4.o(.text)
    LLWU_IRQHandler                          0x00000517   Thumb Code     0  startup_mkl46z4.o(.text)
    LPTMR0_IRQHandler                        0x00000517   Thumb Code     0  startup_mkl46z4.o(.text)
    LVD_LVW_IRQHandler                       0x00000517   Thumb Code     0  startup_mkl46z4.o(.text)
    MCG_IRQHandler                           0x00000517   Thumb Code     0  startup_mkl46z4.o(.text)
    PIT_IRQHandler                           0x00000517   Thumb Code     0  startup_mkl46z4.o(.text)
    PORTA_IRQHandler                         0x00000517   Thumb Code     0  startup_mkl46z4.o(.text)
    RTC_IRQHandler                           0x00000517   Thumb Code     0  startup_mkl46z4.o(.text)
    RTC_Seconds_IRQHandler                   0x00000517   Thumb Code     0  startup_mkl46z4.o(.text)
    Reserved20_IRQHandler                    0x00000517   Thumb Code     0  startup_mkl46z4.o(.text)
    SPI0_DriverIRQHandler                    0x00000517   Thumb Code     0  startup_mkl46z4.o(.text)
    SPI1_DriverIRQHandler                    0x00000517   Thumb Code     0  startup_mkl46z4.o(.text)
    TPM0_IRQHandler                          0x00000517   Thumb Code     0  startup_mkl46z4.o(.text)
    TPM1_IRQHandler                          0x00000517   Thumb Code     0  startup_mkl46z4.o(.text)
    TPM2_IRQHandler                          0x00000517   Thumb Code     0  startup_mkl46z4.o(.text)
    TSI0_IRQHandler                          0x00000517   Thumb Code     0  startup_mkl46z4.o(.text)
    UART0_DriverIRQHandler                   0x00000517   Thumb Code     0  startup_mkl46z4.o(.text)
    UART1_DriverIRQHandler                   0x00000517   Thumb Code     0  startup_mkl46z4.o(.text)
    UART2_DriverIRQHandler                   0x00000517   Thumb Code     0  startup_mkl46z4.o(.text)
    USB0_IRQHandler                          0x00000517   Thumb Code     0  startup_mkl46z4.o(.text)
    __2sprintf                               0x00000561   Thumb Code    36  noretval__2sprintf.o(.text)
    __printf                                 0x00000589   Thumb Code   108  __printf.o(.text)
    _printf_int_dec                          0x000005f5   Thumb Code    90  _printf_dec.o(.text)
    __aeabi_uidiv                            0x00000661   Thumb Code     0  aeabi_sdiv.o(.text)
    __aeabi_uidivmod                         0x00000661   Thumb Code    20  aeabi_sdiv.o(.text)
    __aeabi_idiv                             0x00000675   Thumb Code     0  aeabi_sdiv.o(.text)
    __aeabi_idivmod                          0x00000675   Thumb Code   326  aeabi_sdiv.o(.text)
    __aeabi_d2iz                             0x000007bd   Thumb Code     0  dfixi.o(.text)
    _dfix                                    0x000007bd   Thumb Code    98  dfixi.o(.text)
    __aeabi_i2d_normalise                    0x00000829   Thumb Code    66  dflti.o(.text)
    __aeabi_i2d                              0x0000086b   Thumb Code    16  dflti.o(.text)
    _dflt                                    0x0000086b   Thumb Code     0  dflti.o(.text)
    __aeabi_ui2d                             0x0000087b   Thumb Code     6  dflti.o(.text)
    _dfltu                                   0x0000087b   Thumb Code     0  dflti.o(.text)
    __read_errno                             0x00000881   Thumb Code    10  _rserrno.o(.text)
    __set_errno                              0x0000088b   Thumb Code    12  _rserrno.o(.text)
    _printf_int_common                       0x00000897   Thumb Code   176  _printf_intcommon.o(.text)
    _printf_char_common                      0x00000953   Thumb Code    32  _printf_char_common.o(.text)
    _sputc                                   0x00000979   Thumb Code    10  _sputc.o(.text)
    __rt_udiv10                              0x00000983   Thumb Code    40  rtudiv10.o(.text)
    _dsqrt                                   0x000009ad   Thumb Code   248  dsqrt.o(.text)
    __aeabi_errno_addr                       0x00000aad   Thumb Code     8  rt_errno_addr_intlibspace.o(.text)
    __errno$intlibspace                      0x00000aad   Thumb Code     0  rt_errno_addr_intlibspace.o(.text)
    __rt_errno_addr$intlibspace              0x00000aad   Thumb Code     0  rt_errno_addr_intlibspace.o(.text)
    exit                                     0x00000ab5   Thumb Code    16  exit.o(.text)
    _sys_exit                                0x00000ac5   Thumb Code     8  sys_exit.o(.text)
    __I$use$semihosting                      0x00000ad1   Thumb Code     0  use_no_semi.o(.text)
    __use_no_semihosting_swi                 0x00000ad1   Thumb Code     2  use_no_semi.o(.text)
    __semihosting_library_function           0x00000ad3   Thumb Code     0  indicate_semi.o(.text)
    I2C0_busy                                0x00000ad5   Thumb Code   252  i2c.o(i.I2C0_busy)
    I2C0_init                                0x00000bdd   Thumb Code    86  i2c.o(i.I2C0_init)
    I2C0_read_setup                          0x00000c41   Thumb Code    58  i2c.o(i.I2C0_read_setup)
    I2C0_repeated_read                       0x00000c81   Thumb Code    72  i2c.o(i.I2C0_repeated_read)
    I2C0_start                               0x00000cd1   Thumb Code    26  i2c.o(i.I2C0_start)
    I2C0_wait                                0x00000cf1   Thumb Code    80  i2c.o(i.I2C0_wait)
    I2C0_write_byte                          0x00000d49   Thumb Code    68  i2c.o(i.I2C0_write_byte)
    LED_Init                                 0x00000d91   Thumb Code    70  main.o(i.LED_Init)
    PORTC_PORTD_IRQHandler                   0x00000de9   Thumb Code    48  main.o(i.PORTC_PORTD_IRQHandler)
    SLCD_EnablePins                          0x00000e25   Thumb Code   132  slcd.o(i.SLCD_EnablePins)
    SLCD_Init                                0x00000eb5   Thumb Code    76  slcd.o(i.SLCD_Init)
    SLCD_WriteChar                           0x00000f19   Thumb Code   112  slcd.o(i.SLCD_WriteChar)
    SLCD_WriteMsg                            0x00000f99   Thumb Code    60  slcd.o(i.SLCD_WriteMsg)
    SWITCH_Init                              0x00000fd9   Thumb Code   102  main.o(i.SWITCH_Init)
    SysTick_Handler                          0x00001059   Thumb Code    12  timer.o(i.SysTick_Handler)
    SystemInit                               0x00001069   Thumb Code    14  system_mkl46z4.o(i.SystemInit)
    SystemInitHook                           0x0000107d   Thumb Code     2  system_mkl46z4.o(i.SystemInitHook)
    calibrate                                0x000010f9   Thumb Code   140  mma8451.o(i.calibrate)
    delay                                    0x00001191   Thumb Code    26  timer.o(i.delay)
    detect_step                              0x000011ad   Thumb Code   230  utility.o(i.detect_step)
    getTicks                                 0x000012c1   Thumb Code     6  timer.o(i.getTicks)
    init_mma                                 0x000012cd   Thumb Code    16  mma8451.o(i.init_mma)
    init_systick                             0x000012dd   Thumb Code    56  timer.o(i.init_systick)
    main                                     0x00001321   Thumb Code   306  main.o(i.main)
    read_full_xyz                            0x00001481   Thumb Code   136  mma8451.o(i.read_full_xyz)
    sqrt                                     0x00001515   Thumb Code    66  sqrt.o(i.sqrt)
    WF_ORDERING_TABLE                        0x0000155c   Data          12  slcd.o(.constdata)
    __I$use$fp                               0x0000155c   Number         0  usenofp.o(x$fpl$usenofp)
    MASK_BIT                                 0x00001568   Data         128  slcd.o(.constdata)
    ASCII_TO_WF_CODIFICATION_TABLE           0x000015e8   Data          98  slcd.o(.constdata)
    Region$$Table$$Base                      0x0000164c   Number         0  anon$$obj.o(Region$$Table)
    Region$$Table$$Limit                     0x0000166c   Number         0  anon$$obj.o(Region$$Table)
    StartStopSwitchPressed                   0x1fffe000   Data           1  main.o(.data)
    xavg                                     0x1fffe004   Data           4  main.o(.data)
    yavg                                     0x1fffe008   Data           4  main.o(.data)
    zavg                                     0x1fffe00c   Data           4  main.o(.data)
    step_count                               0x1fffe010   Data           2  main.o(.data)
    lock                                     0x1fffe018   Data           4  i2c.o(.data)
    i2c_lock                                 0x1fffe01c   Data           4  i2c.o(.data)
    acc_x                                    0x1fffe020   Data           2  mma8451.o(.data)
    acc_y                                    0x1fffe022   Data           2  mma8451.o(.data)
    acc_z                                    0x1fffe024   Data           2  mma8451.o(.data)
    Ticks                                    0x1fffe028   Data           4  timer.o(.data)
    step_flag                                0x1fffe02c   Data           1  utility.o(.data)
    LCD_CharPosition                         0x1fffe02d   Data           1  slcd.o(.data)
    xval                                     0x1fffe030   Data         200  main.o(.bss)
    yval                                     0x1fffe0f8   Data         200  main.o(.bss)
    zval                                     0x1fffe1c0   Data         200  main.o(.bss)
    total_vect                               0x1fffe288   Data         200  main.o(.bss)
    total_avg                                0x1fffe350   Data         200  main.o(.bss)
    __libspace_start                         0x1fffe418   Data          96  libspace.o(.bss)
    Image$$ARM_LIB_HEAP$$ZI$$Base            0x1fffe478   Number         0  anon$$obj.o ABSOLUTE
    __temporary_stack_top$libspace           0x1fffe478   Data           0  libspace.o(.bss)
    Image$$ARM_LIB_HEAP$$ZI$$Limit           0x1fffe878   Number         0  anon$$obj.o ABSOLUTE
    Image$$ARM_LIB_STACK$$ZI$$Limit          0x20006000   Number         0  anon$$obj.o ABSOLUTE



==============================================================================

Memory Map of the image

  Image Entry point : 0x00000411

  Load Region LR_m_text (Base: 0x00000000, Size: 0x0000169c, Max: 0x00040000, ABSOLUTE)

    Execution Region VECTOR_ROM (Exec base: 0x00000000, Load base: 0x00000000, Size: 0x000000c0, Max: 0x00000200, ABSOLUTE)

    Exec Addr    Load Addr    Size         Type   Attr      Idx    E Section Name        Object

    0x00000000   0x00000000   0x000000c0   Data   RO          346    RESET               startup_mkl46z4.o


    Execution Region ER_m_flash_config (Exec base: 0x00000400, Load base: 0x00000400, Size: 0x00000010, Max: 0x00000010, ABSOLUTE, FIXED)

    Exec Addr    Load Addr    Size         Type   Attr      Idx    E Section Name        Object

    0x00000400   0x00000400   0x00000010   Data   RO          347    FlashConfig         startup_mkl46z4.o


    Execution Region ER_m_text (Exec base: 0x00000410, Load base: 0x00000410, Size: 0x0000125c, Max: 0x0003fbf0, ABSOLUTE)

    Exec Addr    Load Addr    Size         Type   Attr      Idx    E Section Name        Object

    0x00000410   0x00000410   0x00000008   Code   RO          440  * !!!main             c_p.l(__main.o)
    0x00000418   0x00000418   0x0000003c   Code   RO          663    !!!scatter          c_p.l(__scatter.o)
    0x00000454   0x00000454   0x0000001a   Code   RO          665    !!handler_copy      c_p.l(__scatter_copy.o)
    0x0000046e   0x0000046e   0x00000002   PAD
    0x00000470   0x00000470   0x0000001c   Code   RO          667    !!handler_zi        c_p.l(__scatter_zi.o)
    0x0000048c   0x0000048c   0x00000002   Code   RO          435    .ARM.Collect$$_printf_percent$$00000000  c_p.l(_printf_percent.o)
    0x0000048e   0x0000048e   0x0000000a   Code   RO          434    .ARM.Collect$$_printf_percent$$00000009  c_p.l(_printf_d.o)
    0x00000498   0x00000498   0x00000004   Code   RO          467    .ARM.Collect$$_printf_percent$$00000017  c_p.l(_printf_percent_end.o)
    0x0000049c   0x0000049c   0x00000002   Code   RO          523    .ARM.Collect$$libinit$$00000000  c_p.l(libinit.o)
    0x0000049e   0x0000049e   0x00000000   Code   RO          540    .ARM.Collect$$libinit$$00000002  c_p.l(libinit2.o)
    0x0000049e   0x0000049e   0x00000000   Code   RO          542    .ARM.Collect$$libinit$$00000004  c_p.l(libinit2.o)
    0x0000049e   0x0000049e   0x00000000   Code   RO          545    .ARM.Collect$$libinit$$0000000A  c_p.l(libinit2.o)
    0x0000049e   0x0000049e   0x00000000   Code   RO          547    .ARM.Collect$$libinit$$0000000C  c_p.l(libinit2.o)
    0x0000049e   0x0000049e   0x00000000   Code   RO          549    .ARM.Collect$$libinit$$0000000E  c_p.l(libinit2.o)
    0x0000049e   0x0000049e   0x00000000   Code   RO          552    .ARM.Collect$$libinit$$00000011  c_p.l(libinit2.o)
    0x0000049e   0x0000049e   0x00000000   Code   RO          554    .ARM.Collect$$libinit$$00000013  c_p.l(libinit2.o)
    0x0000049e   0x0000049e   0x00000000   Code   RO          556    .ARM.Collect$$libinit$$00000015  c_p.l(libinit2.o)
    0x0000049e   0x0000049e   0x00000000   Code   RO          558    .ARM.Collect$$libinit$$00000017  c_p.l(libinit2.o)
    0x0000049e   0x0000049e   0x00000000   Code   RO          560    .ARM.Collect$$libinit$$00000019  c_p.l(libinit2.o)
    0x0000049e   0x0000049e   0x00000000   Code   RO          562    .ARM.Collect$$libinit$$0000001B  c_p.l(libinit2.o)
    0x0000049e   0x0000049e   0x00000000   Code   RO          564    .ARM.Collect$$libinit$$0000001D  c_p.l(libinit2.o)
    0x0000049e   0x0000049e   0x00000000   Code   RO          566    .ARM.Collect$$libinit$$0000001F  c_p.l(libinit2.o)
    0x0000049e   0x0000049e   0x00000000   Code   RO          568    .ARM.Collect$$libinit$$00000021  c_p.l(libinit2.o)
    0x0000049e   0x0000049e   0x00000000   Code   RO          570    .ARM.Collect$$libinit$$00000023  c_p.l(libinit2.o)
    0x0000049e   0x0000049e   0x00000000   Code   RO          572    .ARM.Collect$$libinit$$00000025  c_p.l(libinit2.o)
    0x0000049e   0x0000049e   0x00000000   Code   RO          576    .ARM.Collect$$libinit$$0000002C  c_p.l(libinit2.o)
    0x0000049e   0x0000049e   0x00000000   Code   RO          578    .ARM.Collect$$libinit$$0000002E  c_p.l(libinit2.o)
    0x0000049e   0x0000049e   0x00000000   Code   RO          580    .ARM.Collect$$libinit$$00000030  c_p.l(libinit2.o)
    0x0000049e   0x0000049e   0x00000000   Code   RO          582    .ARM.Collect$$libinit$$00000032  c_p.l(libinit2.o)
    0x0000049e   0x0000049e   0x00000002   Code   RO          583    .ARM.Collect$$libinit$$00000033  c_p.l(libinit2.o)
    0x000004a0   0x000004a0   0x00000002   Code   RO          620    .ARM.Collect$$libshutdown$$00000000  c_p.l(libshutdown.o)
    0x000004a2   0x000004a2   0x00000000   Code   RO          646    .ARM.Collect$$libshutdown$$00000002  c_p.l(libshutdown2.o)
    0x000004a2   0x000004a2   0x00000000   Code   RO          648    .ARM.Collect$$libshutdown$$00000004  c_p.l(libshutdown2.o)
    0x000004a2   0x000004a2   0x00000000   Code   RO          651    .ARM.Collect$$libshutdown$$00000007  c_p.l(libshutdown2.o)
    0x000004a2   0x000004a2   0x00000000   Code   RO          654    .ARM.Collect$$libshutdown$$0000000A  c_p.l(libshutdown2.o)
    0x000004a2   0x000004a2   0x00000000   Code   RO          656    .ARM.Collect$$libshutdown$$0000000C  c_p.l(libshutdown2.o)
    0x000004a2   0x000004a2   0x00000000   Code   RO          659    .ARM.Collect$$libshutdown$$0000000F  c_p.l(libshutdown2.o)
    0x000004a2   0x000004a2   0x00000002   Code   RO          660    .ARM.Collect$$libshutdown$$00000010  c_p.l(libshutdown2.o)
    0x000004a4   0x000004a4   0x00000000   Code   RO          454    .ARM.Collect$$rtentry$$00000000  c_p.l(__rtentry.o)
    0x000004a4   0x000004a4   0x00000000   Code   RO          476    .ARM.Collect$$rtentry$$00000002  c_p.l(__rtentry2.o)
    0x000004a4   0x000004a4   0x00000004   Code   RO          490    .ARM.Collect$$rtentry$$00000007  c_p.l(__rtentry7.o)
    0x000004a8   0x000004a8   0x00000000   Code   RO          478    .ARM.Collect$$rtentry$$00000009  c_p.l(__rtentry2.o)
    0x000004a8   0x000004a8   0x00000004   Code   RO          479    .ARM.Collect$$rtentry$$0000000A  c_p.l(__rtentry2.o)
    0x000004ac   0x000004ac   0x00000000   Code   RO          481    .ARM.Collect$$rtentry$$0000000C  c_p.l(__rtentry2.o)
    0x000004ac   0x000004ac   0x00000008   Code   RO          482    .ARM.Collect$$rtentry$$0000000D  c_p.l(__rtentry2.o)
    0x000004b4   0x000004b4   0x00000004   Code   RO          491    .ARM.Collect$$rtentry$$00002718  c_p.l(__rtentry7.o)
    0x000004b8   0x000004b8   0x00000002   Code   RO          531    .ARM.Collect$$rtexit$$00000000  c_p.l(rtexit.o)
    0x000004ba   0x000004ba   0x00000000   Code   RO          596    .ARM.Collect$$rtexit$$00000002  c_p.l(rtexit2.o)
    0x000004ba   0x000004ba   0x00000004   Code   RO          597    .ARM.Collect$$rtexit$$00000003  c_p.l(rtexit2.o)
    0x000004be   0x000004be   0x00000006   Code   RO          598    .ARM.Collect$$rtexit$$00000004  c_p.l(rtexit2.o)
    0x000004c4   0x000004c4   0x0000009c   Code   RO          348    .text               startup_mkl46z4.o
    0x00000560   0x00000560   0x00000028   Code   RO          408    .text               c_p.l(noretval__2sprintf.o)
    0x00000588   0x00000588   0x0000006c   Code   RO          410    .text               c_p.l(__printf.o)
    0x000005f4   0x000005f4   0x0000006c   Code   RO          412    .text               c_p.l(_printf_dec.o)
    0x00000660   0x00000660   0x0000015a   Code   RO          436    .text               c_p.l(aeabi_sdiv.o)
    0x000007ba   0x000007ba   0x00000002   PAD
    0x000007bc   0x000007bc   0x0000006c   Code   RO          442    .text               fz_ps.l(dfixi.o)
    0x00000828   0x00000828   0x00000058   Code   RO          444    .text               fz_ps.l(dflti.o)
    0x00000880   0x00000880   0x00000016   Code   RO          459    .text               c_p.l(_rserrno.o)
    0x00000896   0x00000896   0x000000b0   Code   RO          461    .text               c_p.l(_printf_intcommon.o)
    0x00000946   0x00000946   0x00000002   PAD
    0x00000948   0x00000948   0x00000030   Code   RO          463    .text               c_p.l(_printf_char_common.o)
    0x00000978   0x00000978   0x0000000a   Code   RO          465    .text               c_p.l(_sputc.o)
    0x00000982   0x00000982   0x00000028   Code   RO          468    .text               c_p.l(rtudiv10.o)
    0x000009aa   0x000009aa   0x00000002   PAD
    0x000009ac   0x000009ac   0x00000100   Code   RO          472    .text               fz_ps.l(dsqrt.o)
    0x00000aac   0x00000aac   0x00000008   Code   RO          500    .text               c_p.l(rt_errno_addr_intlibspace.o)
    0x00000ab4   0x00000ab4   0x00000010   Code   RO          512    .text               c_p.l(exit.o)
    0x00000ac4   0x00000ac4   0x0000000c   Code   RO          590    .text               c_p.l(sys_exit.o)
    0x00000ad0   0x00000ad0   0x00000002   Code   RO          592    .text               c_p.l(use_no_semi.o)
    0x00000ad2   0x00000ad2   0x00000000   Code   RO          594    .text               c_p.l(indicate_semi.o)
    0x00000ad2   0x00000ad2   0x00000002   PAD
    0x00000ad4   0x00000ad4   0x00000108   Code   RO           98    i.I2C0_busy         i2c.o
    0x00000bdc   0x00000bdc   0x00000064   Code   RO           99    i.I2C0_init         i2c.o
    0x00000c40   0x00000c40   0x00000040   Code   RO          101    i.I2C0_read_setup   i2c.o
    0x00000c80   0x00000c80   0x00000050   Code   RO          102    i.I2C0_repeated_read  i2c.o
    0x00000cd0   0x00000cd0   0x00000020   Code   RO          103    i.I2C0_start        i2c.o
    0x00000cf0   0x00000cf0   0x00000058   Code   RO          104    i.I2C0_wait         i2c.o
    0x00000d48   0x00000d48   0x00000048   Code   RO          105    i.I2C0_write_byte   i2c.o
    0x00000d90   0x00000d90   0x00000058   Code   RO            5    i.LED_Init          main.o
    0x00000de8   0x00000de8   0x0000003c   Code   RO            6    i.PORTC_PORTD_IRQHandler  main.o
    0x00000e24   0x00000e24   0x00000090   Code   RO          306    i.SLCD_EnablePins   slcd.o
    0x00000eb4   0x00000eb4   0x00000064   Code   RO          307    i.SLCD_Init         slcd.o
    0x00000f18   0x00000f18   0x00000080   Code   RO          308    i.SLCD_WriteChar    slcd.o
    0x00000f98   0x00000f98   0x00000040   Code   RO          309    i.SLCD_WriteMsg     slcd.o
    0x00000fd8   0x00000fd8   0x00000080   Code   RO            7    i.SWITCH_Init       main.o
    0x00001058   0x00001058   0x00000010   Code   RO          211    i.SysTick_Handler   timer.o
    0x00001068   0x00001068   0x00000014   Code   RO          355    i.SystemInit        system_mkl46z4.o
    0x0000107c   0x0000107c   0x00000002   Code   RO          356    i.SystemInitHook    system_mkl46z4.o
    0x0000107e   0x0000107e   0x00000002   PAD
    0x00001080   0x00001080   0x00000078   Code   RO          212    i.__NVIC_SetPriority  timer.o
    0x000010f8   0x000010f8   0x00000098   Code   RO          166    i.calibrate         mma8451.o
    0x00001190   0x00001190   0x0000001a   Code   RO          213    i.delay             timer.o
    0x000011aa   0x000011aa   0x00000002   PAD
    0x000011ac   0x000011ac   0x00000114   Code   RO          278    i.detect_step       utility.o
    0x000012c0   0x000012c0   0x0000000c   Code   RO          214    i.getTicks          timer.o
    0x000012cc   0x000012cc   0x00000010   Code   RO          167    i.init_mma          mma8451.o
    0x000012dc   0x000012dc   0x00000044   Code   RO          216    i.init_systick      timer.o
    0x00001320   0x00001320   0x00000160   Code   RO            8    i.main              main.o
    0x00001480   0x00001480   0x00000094   Code   RO          168    i.read_full_xyz     mma8451.o
    0x00001514   0x00001514   0x00000048   Code   RO          447    i.sqrt              m_ps.l(sqrt.o)
    0x0000155c   0x0000155c   0x00000000   Code   RO          474    x$fpl$usenofp       fz_ps.l(usenofp.o)
    0x0000155c   0x0000155c   0x000000ee   Data   RO          310    .constdata          slcd.o
    0x0000164a   0x0000164a   0x00000002   PAD
    0x0000164c   0x0000164c   0x00000020   Data   RO          661    Region$$Table       anon$$obj.o


    Execution Region RW_m_data (Exec base: 0x1fffe000, Load base: 0x0000166c, Size: 0x00000478, Max: 0x00007800, ABSOLUTE)

    Exec Addr    Load Addr    Size         Type   Attr      Idx    E Section Name        Object

    0x1fffe000   0x0000166c   0x00000018   Data   RW           10    .data               main.o
    0x1fffe018   0x00001684   0x00000008   Data   RW          106    .data               i2c.o
    0x1fffe020   0x0000168c   0x00000006   Data   RW          170    .data               mma8451.o
    0x1fffe026   0x00001692   0x00000002   PAD
    0x1fffe028   0x00001694   0x00000004   Data   RW          219    .data               timer.o
    0x1fffe02c   0x00001698   0x00000001   Data   RW          279    .data               utility.o
    0x1fffe02d   0x00001699   0x00000001   Data   RW          311    .data               slcd.o
    0x1fffe02e   0x0000169a   0x00000002   PAD
    0x1fffe030        -       0x000003e8   Zero   RW            9    .bss                main.o
    0x1fffe418        -       0x00000060   Zero   RW          507    .bss                c_p.l(libspace.o)


    Execution Region ARM_LIB_HEAP (Exec base: 0x1fffe478, Load base: 0x0000169c, Size: 0x00000400, Max: 0x00000400, ABSOLUTE)

    Exec Addr    Load Addr    Size         Type   Attr      Idx    E Section Name        Object

    0x1fffe478        -       0x00000400   Zero   RW            1    ARM_LIB_HEAP.bss    anon$$obj.o


    Execution Region ARM_LIB_STACK (Exec base: 0x20005c00, Load base: 0x0000169c, Size: 0x00000400, Max: 0x00000400, ABSOLUTE)

    Exec Addr    Load Addr    Size         Type   Attr      Idx    E Section Name        Object

    0x20005c00        -       0x00000400   Zero   RW            2    ARM_LIB_STACK.bss   anon$$obj.o


==============================================================================

Image component sizes


      Code (inc. data)   RO Data    RW Data    ZI Data      Debug   Object Name

       700         58          0          8          0       3446   i2c.o
       628        102          0         24       1000     291100   main.o
       316         24          0          6          0       2387   mma8451.o
       436         56        238          1          0       3124   slcd.o
       156         70        208          0          0       1172   startup_mkl46z4.o
        22          6          0          0          0        898   system_mkl46z4.o
       242         32          0          4          0      10384   timer.o
       276         46          0          1          0        806   utility.o

    ----------------------------------------------------------------------
      2780        394        480         48       3048     313317   Object Totals
         0          0         32          0       2048          0   (incl. Generated)
         4          0          2          4          0          0   (incl. Padding)

    ----------------------------------------------------------------------

      Code (inc. data)   RO Data    RW Data    ZI Data      Debug   Library Member Name

         8          0          0          0          0         68   __main.o
       108          0          0          0          0         76   __printf.o
         0          0          0          0          0          0   __rtentry.o
        12          0          0          0          0          0   __rtentry2.o
         8          4          0          0          0          0   __rtentry7.o
        60          8          0          0          0          0   __scatter.o
        26          0          0          0          0          0   __scatter_copy.o
        28          0          0          0          0          0   __scatter_zi.o
        48          6          0          0          0         88   _printf_char_common.o
        10          0          0          0          0          0   _printf_d.o
       108         18          0          0          0         76   _printf_dec.o
       176          0          0          0          0         84   _printf_intcommon.o
         2          0          0          0          0          0   _printf_percent.o
         4          0          0          0          0          0   _printf_percent_end.o
        22          0          0          0          0         92   _rserrno.o
        10          0          0          0          0         60   _sputc.o
       346          0          0          0          0         92   aeabi_sdiv.o
        16          0          0          0          0         68   exit.o
         0          0          0          0          0          0   indicate_semi.o
         2          0          0          0          0          0   libinit.o
         2          0          0          0          0          0   libinit2.o
         2          0          0          0          0          0   libshutdown.o
         2          0          0          0          0          0   libshutdown2.o
         0          0          0          0         96          0   libspace.o
        40          4          0          0          0         84   noretval__2sprintf.o
         8          4          0          0          0         68   rt_errno_addr_intlibspace.o
         2          0          0          0          0          0   rtexit.o
        10          0          0          0          0          0   rtexit2.o
        40          0          0          0          0         60   rtudiv10.o
        12          4          0          0          0         60   sys_exit.o
         2          0          0          0          0         68   use_no_semi.o
       108         10          0          0          0         72   dfixi.o
        88          0          0          0          0         92   dflti.o
       256          8          0          0          0         76   dsqrt.o
         0          0          0          0          0          0   usenofp.o
        72          6          0          0          0         76   sqrt.o

    ----------------------------------------------------------------------
      1648         72          0          0         96       1360   Library Totals
        10          0          0          0          0          0   (incl. Padding)

    ----------------------------------------------------------------------

      Code (inc. data)   RO Data    RW Data    ZI Data      Debug   Library Name

      1114         48          0          0         96       1044   c_p.l
       452         18          0          0          0        240   fz_ps.l
        72          6          0          0          0         76   m_ps.l

    ----------------------------------------------------------------------
      1648         72          0          0         96       1360   Library Totals

    ----------------------------------------------------------------------

==============================================================================


      Code (inc. data)   RO Data    RW Data    ZI Data      Debug   

      4428        466        480         48       3144     313089   Grand Totals
      4428        466        480         48       3144     313089   ELF Image Totals
      4428        466        480         48          0          0   ROM Totals

==============================================================================

    Total RO  Size (Code + RO Data)                 4908 (   4.79kB)
    Total RW  Size (RW Data + ZI Data)              3192 (   3.12kB)
    Total ROM Size (Code + RO Data + RW Data)       4956 (   4.84kB)

==============================================================================

